activeSiteFlexibility
,SIDECHAIN_OTHER,24
cationPiInteractions,none
closeContacts
,closeContacts.1
,,ligandAtoms
,,,atomIndex,1406
,,,atomName,O
,,,chain,A
,,,resID,96
,,,resName,HIS
,,metrics
,,,distance,3.94570526015
,,receptorAtoms
,,,atomIndex,3059
,,,atomName,ZN
,,,chain,A
,,,resID,201
,,,resName,ZN
,closeContacts.2
,,ligandAtoms
,,,atomIndex,1421
,,,atomName,CA
,,,chain,A
,,,resID,97
,,,resName,HIS
,,metrics
,,,distance,3.48593703328
,,receptorAtoms
,,,atomIndex,3059
,,,atomName,ZN
,,,chain,A
,,,resID,201
,,,resName,ZN
,closeContacts.3
,,ligandAtoms
,,,atomIndex,1424
,,,atomName,CB
,,,chain,A
,,,resID,97
,,,resName,HIS
,,metrics
,,,distance,3.58561933283
,,receptorAtoms
,,,atomIndex,3059
,,,atomName,ZN
,,,chain,A
,,,resID,201
,,,resName,ZN
,closeContacts.4
,,ligandAtoms
,,,atomIndex,1425
,,,atomName,CG
,,,chain,A
,,,resID,97
,,,resName,HIS
,,metrics
,,,distance,3.12695219023
,,receptorAtoms
,,,atomIndex,3059
,,,atomName,ZN
,,,chain,A
,,,resID,201
,,,resName,ZN
,closeContacts.5
,,ligandAtoms
,,,atomIndex,1426
,,,atomName,ND1
,,,chain,A
,,,resID,97
,,,resName,HIS
,,metrics
,,,distance,1.9749868354
,,receptorAtoms
,,,atomIndex,3059
,,,atomName,ZN
,,,chain,A
,,,resID,201
,,,resName,ZN
,closeContacts.6
,,ligandAtoms
,,,atomIndex,1428
,,,atomName,CE1
,,,chain,A
,,,resID,97
,,,resName,HIS
,,metrics
,,,distance,2.8912822415
,,receptorAtoms
,,,atomIndex,3059
,,,atomName,ZN
,,,chain,A
,,,resID,201
,,,resName,ZN
,closeContacts.7
,,ligandAtoms
,,,atomIndex,1431
,,,atomName,HA
,,,chain,A
,,,resID,97
,,,resName,HIS
,,metrics
,,,distance,2.601606619
,,receptorAtoms
,,,atomIndex,3059
,,,atomName,ZN
,,,chain,A
,,,resID,201
,,,resName,ZN
,closeContacts.8
,,ligandAtoms
,,,atomIndex,1432
,,,atomName,HB2
,,,chain,A
,,,resID,97
,,,resName,HIS
,,metrics
,,,distance,3.6916634462
,,receptorAtoms
,,,atomIndex,3059
,,,atomName,ZN
,,,chain,A
,,,resID,201
,,,resName,ZN
,closeContacts.9
,,ligandAtoms
,,,atomIndex,1435
,,,atomName,HE1
,,,chain,A
,,,resID,97
,,,resName,HIS
,,metrics
,,,distance,3.17700786905
,,receptorAtoms
,,,atomIndex,3059
,,,atomName,ZN
,,,chain,A
,,,resID,201
,,,resName,ZN
,closeContacts.10
,,ligandAtoms
,,,atomIndex,1468
,,,atomName,CD2
,,,chain,A
,,,resID,100
,,,resName,HIS
,,metrics
,,,distance,2.95000576271
,,receptorAtoms
,,,atomIndex,3059
,,,atomName,ZN
,,,chain,A
,,,resID,201
,,,resName,ZN
,closeContacts.11
,,ligandAtoms
,,,atomIndex,1469
,,,atomName,CE1
,,,chain,A
,,,resID,100
,,,resName,HIS
,,metrics
,,,distance,3.10216392217
,,receptorAtoms
,,,atomIndex,3059
,,,atomName,ZN
,,,chain,A
,,,resID,201
,,,resName,ZN
,closeContacts.12
,,ligandAtoms
,,,atomIndex,1470
,,,atomName,NE2
,,,chain,A
,,,resID,100
,,,resName,HIS
,,metrics
,,,distance,2.0332422384
,,receptorAtoms
,,,atomIndex,3059
,,,atomName,ZN
,,,chain,A
,,,resID,201
,,,resName,ZN
,closeContacts.13
,,ligandAtoms
,,,atomIndex,1476
,,,atomName,HD2
,,,chain,A
,,,resID,100
,,,resName,HIS
,,metrics
,,,distance,3.16172816668
,,receptorAtoms
,,,atomIndex,3059
,,,atomName,ZN
,,,chain,A
,,,resID,201
,,,resName,ZN
,closeContacts.14
,,ligandAtoms
,,,atomIndex,1477
,,,atomName,HE1
,,,chain,A
,,,resID,100
,,,resName,HIS
,,metrics
,,,distance,3.438283438
,,receptorAtoms
,,,atomIndex,3059
,,,atomName,ZN
,,,chain,A
,,,resID,201
,,,resName,ZN
,closeContacts.15
,,ligandAtoms
,,,atomIndex,2745
,,,atomName,CG
,,,chain,B
,,,resID,84
,,,resName,ASP
,,metrics
,,,distance,2.6878173301
,,receptorAtoms
,,,atomIndex,3059
,,,atomName,ZN
,,,chain,A
,,,resID,201
,,,resName,ZN
,closeContacts.16
,,ligandAtoms
,,,atomIndex,2746
,,,atomName,OD1
,,,chain,B
,,,resID,84
,,,resName,ASP
,,metrics
,,,distance,2.5073890803
,,receptorAtoms
,,,atomIndex,3059
,,,atomName,ZN
,,,chain,A
,,,resID,201
,,,resName,ZN
,closeContacts.17
,,ligandAtoms
,,,atomIndex,2747
,,,atomName,OD2
,,,chain,B
,,,resID,84
,,,resName,ASP
,,metrics
,,,distance,2.13927768184
,,receptorAtoms
,,,atomIndex,3059
,,,atomName,ZN
,,,chain,A
,,,resID,201
,,,resName,ZN
,closeContacts.18
,,ligandAtoms
,,,atomIndex,2775
,,,atomName,CB
,,,chain,B
,,,resID,86
,,,resName,HIS
,,metrics
,,,distance,3.35551024436
,,receptorAtoms
,,,atomIndex,3059
,,,atomName,ZN
,,,chain,A
,,,resID,201
,,,resName,ZN
,closeContacts.19
,,ligandAtoms
,,,atomIndex,2776
,,,atomName,CG
,,,chain,B
,,,resID,86
,,,resName,HIS
,,metrics
,,,distance,2.96215614038
,,receptorAtoms
,,,atomIndex,3059
,,,atomName,ZN
,,,chain,A
,,,resID,201
,,,resName,ZN
,closeContacts.20
,,ligandAtoms
,,,atomIndex,2777
,,,atomName,ND1
,,,chain,B
,,,resID,86
,,,resName,HIS
,,metrics
,,,distance,1.91030259383
,,receptorAtoms
,,,atomIndex,3059
,,,atomName,ZN
,,,chain,A
,,,resID,201
,,,resName,ZN
,closeContacts.21
,,ligandAtoms
,,,atomIndex,2779
,,,atomName,CE1
,,,chain,B
,,,resID,86
,,,resName,HIS
,,metrics
,,,distance,2.9693544753
,,receptorAtoms
,,,atomIndex,3059
,,,atomName,ZN
,,,chain,A
,,,resID,201
,,,resName,ZN
,closeContacts.22
,,ligandAtoms
,,,atomIndex,2783
,,,atomName,HB2
,,,chain,B
,,,resID,86
,,,resName,HIS
,,metrics
,,,distance,2.86370633969
,,receptorAtoms
,,,atomIndex,3059
,,,atomName,ZN
,,,chain,A
,,,resID,201
,,,resName,ZN
,closeContacts.23
,,ligandAtoms
,,,atomIndex,2784
,,,atomName,HB3
,,,chain,B
,,,resID,86
,,,resName,HIS
,,metrics
,,,distance,3.99939920488
,,receptorAtoms
,,,atomIndex,3059
,,,atomName,ZN
,,,chain,A
,,,resID,201
,,,resName,ZN
,closeContacts.24
,,ligandAtoms
,,,atomIndex,2786
,,,atomName,HE1
,,,chain,B
,,,resID,86
,,,resName,HIS
,,metrics
,,,distance,3.17952653708
,,receptorAtoms
,,,atomIndex,3059
,,,atomName,ZN
,,,chain,A
,,,resID,201
,,,resName,ZN
closestContacts
,closestContacts.1
,,ligandAtoms
,,,atomIndex,1426
,,,atomName,ND1
,,,chain,A
,,,resID,97
,,,resName,HIS
,,metrics
,,,distance,1.9749868354
,,receptorAtoms
,,,atomIndex,3059
,,,atomName,ZN
,,,chain,A
,,,resID,201
,,,resName,ZN
,closestContacts.2
,,ligandAtoms
,,,atomIndex,1470
,,,atomName,NE2
,,,chain,A
,,,resID,100
,,,resName,HIS
,,metrics
,,,distance,2.0332422384
,,receptorAtoms
,,,atomIndex,3059
,,,atomName,ZN
,,,chain,A
,,,resID,201
,,,resName,ZN
,closestContacts.3
,,ligandAtoms
,,,atomIndex,2747
,,,atomName,OD2
,,,chain,B
,,,resID,84
,,,resName,ASP
,,metrics
,,,distance,2.13927768184
,,receptorAtoms
,,,atomIndex,3059
,,,atomName,ZN
,,,chain,A
,,,resID,201
,,,resName,ZN
,closestContacts.4
,,ligandAtoms
,,,atomIndex,2777
,,,atomName,ND1
,,,chain,B
,,,resID,86
,,,resName,HIS
,,metrics
,,,distance,1.91030259383
,,receptorAtoms
,,,atomIndex,3059
,,,atomName,ZN
,,,chain,A
,,,resID,201
,,,resName,ZN
electrostaticEnergies
,C_ZN,0.0
,H_ZN,0.0
,N_ZN,0.0
,O_ZN,0.0
halogenBonds,none
hydrogenBonds,none
hydrophobicContacts,none
ligandAtomTypes
,C,942
,H,1546
,N,282
,O,280
,S,6
,ZN,1
ligandRotatableBonds,-1
metalCoordinations
,metalCoordinations.1
,,ligandAtoms
,,,atomIndex,1426
,,,atomName,ND1
,,,chain,A
,,,resID,97
,,,resName,HIS
,,metrics
,,,distance,1.9749868354
,,receptorAtoms
,,,atomIndex,3059
,,,atomName,ZN
,,,chain,A
,,,resID,201
,,,resName,ZN
,metalCoordinations.2
,,ligandAtoms
,,,atomIndex,1470
,,,atomName,NE2
,,,chain,A
,,,resID,100
,,,resName,HIS
,,metrics
,,,distance,2.0332422384
,,receptorAtoms
,,,atomIndex,3059
,,,atomName,ZN
,,,chain,A
,,,resID,201
,,,resName,ZN
,metalCoordinations.3
,,ligandAtoms
,,,atomIndex,2746
,,,atomName,OD1
,,,chain,B
,,,resID,84
,,,resName,ASP
,,metrics
,,,distance,2.5073890803
,,receptorAtoms
,,,atomIndex,3059
,,,atomName,ZN
,,,chain,A
,,,resID,201
,,,resName,ZN
,metalCoordinations.4
,,ligandAtoms
,,,atomIndex,2747
,,,atomName,OD2
,,,chain,B
,,,resID,84
,,,resName,ASP
,,metrics
,,,distance,2.13927768184
,,receptorAtoms
,,,atomIndex,3059
,,,atomName,ZN
,,,chain,A
,,,resID,201
,,,resName,ZN
,metalCoordinations.5
,,ligandAtoms
,,,atomIndex,2777
,,,atomName,ND1
,,,chain,B
,,,resID,86
,,,resName,HIS
,,metrics
,,,distance,1.91030259383
,,receptorAtoms
,,,atomIndex,3059
,,,atomName,ZN
,,,chain,A
,,,resID,201
,,,resName,ZN
piPiStackingInteractions,none
saltBridges
,ligandAtoms
,,ligandAtoms.1
,,,atomIndex,2745
,,,atomName,CG
,,,chain,B
,,,resID,84
,,,resName,ASP
,,ligandAtoms.2
,,,atomIndex,2746
,,,atomName,OD1
,,,chain,B
,,,resID,84
,,,resName,ASP
,,ligandAtoms.3
,,,atomIndex,2747
,,,atomName,OD2
,,,chain,B
,,,resID,84
,,,resName,ASP
,metrics
,,distance,2.04391688921
,receptorAtoms
,,atomIndex,3059
,,atomName,ZN
,,chain,A
,,resID,201
,,resName,ZN
tStackingInteractions,none
