activeSiteFlexibility
,BACKBONE_ALPHA,1
,BACKBONE_BETA,30
,SIDECHAIN_ALPHA,2
,SIDECHAIN_BETA,24
,SIDECHAIN_OTHER,5
cationPiInteractions,none
closeContacts
,closeContacts.1
,,ligandAtoms
,,,atomIndex,5198
,,,atomName,C11
,,,chain,A
,,,resID,501
,,,resName,3WH
,,metrics
,,,distance,3.76917961896
,,receptorAtoms
,,,atomIndex,798
,,,atomName,N
,,,chain,A
,,,resID,152
,,,resName,ASN
,closeContacts.2
,,ligandAtoms
,,,atomIndex,5199
,,,atomName,C10
,,,chain,A
,,,resID,501
,,,resName,3WH
,,metrics
,,,distance,3.96794821035
,,receptorAtoms
,,,atomIndex,795
,,,atomName,C
,,,chain,A
,,,resID,151
,,,resName,ALA
,closeContacts.3
,,ligandAtoms
,,,atomIndex,5199
,,,atomName,C10
,,,chain,A
,,,resID,501
,,,resName,3WH
,,metrics
,,,distance,3.93289829515
,,receptorAtoms
,,,atomIndex,798
,,,atomName,N
,,,chain,A
,,,resID,152
,,,resName,ASN
,closeContacts.4
,,ligandAtoms
,,,atomIndex,5200
,,,atomName,C13
,,,chain,A
,,,resID,501
,,,resName,3WH
,,metrics
,,,distance,3.78039482065
,,receptorAtoms
,,,atomIndex,197
,,,atomName,CD1
,,,chain,A
,,,resID,70
,,,resName,ILE
,closeContacts.5
,,ligandAtoms
,,,atomIndex,5200
,,,atomName,C13
,,,chain,A
,,,resID,501
,,,resName,3WH
,,metrics
,,,distance,3.92188959559
,,receptorAtoms
,,,atomIndex,780
,,,atomName,O
,,,chain,A
,,,resID,149
,,,resName,MET
,closeContacts.6
,,ligandAtoms
,,,atomIndex,5201
,,,atomName,C01
,,,chain,A
,,,resID,501
,,,resName,3WH
,,metrics
,,,distance,3.41394683614
,,receptorAtoms
,,,atomIndex,803
,,,atomName,CG
,,,chain,A
,,,resID,152
,,,resName,ASN
,closeContacts.7
,,ligandAtoms
,,,atomIndex,5201
,,,atomName,C01
,,,chain,A
,,,resID,501
,,,resName,3WH
,,metrics
,,,distance,2.8328568619
,,receptorAtoms
,,,atomIndex,804
,,,atomName,OD1
,,,chain,A
,,,resID,152
,,,resName,ASN
,closeContacts.8
,,ligandAtoms
,,,atomIndex,5201
,,,atomName,C01
,,,chain,A
,,,resID,501
,,,resName,3WH
,,metrics
,,,distance,3.5878050393
,,receptorAtoms
,,,atomIndex,805
,,,atomName,ND2
,,,chain,A
,,,resID,152
,,,resName,ASN
,closeContacts.9
,,ligandAtoms
,,,atomIndex,5201
,,,atomName,C01
,,,chain,A
,,,resID,501
,,,resName,3WH
,,metrics
,,,distance,3.71760151173
,,receptorAtoms
,,,atomIndex,820
,,,atomName,N
,,,chain,A
,,,resID,155
,,,resName,GLN
,closeContacts.10
,,ligandAtoms
,,,atomIndex,5201
,,,atomName,C01
,,,chain,A
,,,resID,501
,,,resName,3WH
,,metrics
,,,distance,3.64694474869
,,receptorAtoms
,,,atomIndex,824
,,,atomName,CB
,,,chain,A
,,,resID,155
,,,resName,GLN
,closeContacts.11
,,ligandAtoms
,,,atomIndex,5202
,,,atomName,C02
,,,chain,A
,,,resID,501
,,,resName,3WH
,,metrics
,,,distance,3.60673827717
,,receptorAtoms
,,,atomIndex,798
,,,atomName,N
,,,chain,A
,,,resID,152
,,,resName,ASN
,closeContacts.12
,,ligandAtoms
,,,atomIndex,5202
,,,atomName,C02
,,,chain,A
,,,resID,501
,,,resName,3WH
,,metrics
,,,distance,3.84350738259
,,receptorAtoms
,,,atomIndex,803
,,,atomName,CG
,,,chain,A
,,,resID,152
,,,resName,ASN
,closeContacts.13
,,ligandAtoms
,,,atomIndex,5202
,,,atomName,C02
,,,chain,A
,,,resID,501
,,,resName,3WH
,,metrics
,,,distance,3.50564715851
,,receptorAtoms
,,,atomIndex,804
,,,atomName,OD1
,,,chain,A
,,,resID,152
,,,resName,ASN
,closeContacts.14
,,ligandAtoms
,,,atomIndex,5202
,,,atomName,C02
,,,chain,A
,,,resID,501
,,,resName,3WH
,,metrics
,,,distance,3.34638879989
,,receptorAtoms
,,,atomIndex,824
,,,atomName,CB
,,,chain,A
,,,resID,155
,,,resName,GLN
,closeContacts.15
,,ligandAtoms
,,,atomIndex,5203
,,,atomName,N03
,,,chain,A
,,,resID,501
,,,resName,3WH
,,metrics
,,,distance,3.72974529961
,,receptorAtoms
,,,atomIndex,794
,,,atomName,CA
,,,chain,A
,,,resID,151
,,,resName,ALA
,closeContacts.16
,,ligandAtoms
,,,atomIndex,5203
,,,atomName,N03
,,,chain,A
,,,resID,501
,,,resName,3WH
,,metrics
,,,distance,3.86166298374
,,receptorAtoms
,,,atomIndex,795
,,,atomName,C
,,,chain,A
,,,resID,151
,,,resName,ALA
,closeContacts.17
,,ligandAtoms
,,,atomIndex,5203
,,,atomName,N03
,,,chain,A
,,,resID,501
,,,resName,3WH
,,metrics
,,,distance,3.1116087479
,,receptorAtoms
,,,atomIndex,798
,,,atomName,N
,,,chain,A
,,,resID,152
,,,resName,ASN
,closeContacts.18
,,ligandAtoms
,,,atomIndex,5203
,,,atomName,N03
,,,chain,A
,,,resID,501
,,,resName,3WH
,,metrics
,,,distance,3.61207322739
,,receptorAtoms
,,,atomIndex,803
,,,atomName,CG
,,,chain,A
,,,resID,152
,,,resName,ASN
,closeContacts.19
,,ligandAtoms
,,,atomIndex,5203
,,,atomName,N03
,,,chain,A
,,,resID,501
,,,resName,3WH
,,metrics
,,,distance,3.75539611759
,,receptorAtoms
,,,atomIndex,804
,,,atomName,OD1
,,,chain,A
,,,resID,152
,,,resName,ASN
,closeContacts.20
,,ligandAtoms
,,,atomIndex,5203
,,,atomName,N03
,,,chain,A
,,,resID,501
,,,resName,3WH
,,metrics
,,,distance,3.70385704368
,,receptorAtoms
,,,atomIndex,805
,,,atomName,ND2
,,,chain,A
,,,resID,152
,,,resName,ASN
,closeContacts.21
,,ligandAtoms
,,,atomIndex,5204
,,,atomName,C04
,,,chain,A
,,,resID,501
,,,resName,3WH
,,metrics
,,,distance,3.60117341987
,,receptorAtoms
,,,atomIndex,794
,,,atomName,CA
,,,chain,A
,,,resID,151
,,,resName,ALA
,closeContacts.22
,,ligandAtoms
,,,atomIndex,5204
,,,atomName,C04
,,,chain,A
,,,resID,501
,,,resName,3WH
,,metrics
,,,distance,3.83335714485
,,receptorAtoms
,,,atomIndex,798
,,,atomName,N
,,,chain,A
,,,resID,152
,,,resName,ASN
,closeContacts.23
,,ligandAtoms
,,,atomIndex,5205
,,,atomName,O05
,,,chain,A
,,,resID,501
,,,resName,3WH
,,metrics
,,,distance,3.84225988189
,,receptorAtoms
,,,atomIndex,788
,,,atomName,O
,,,chain,A
,,,resID,150
,,,resName,ASP
,closeContacts.24
,,ligandAtoms
,,,atomIndex,5205
,,,atomName,O05
,,,chain,A
,,,resID,501
,,,resName,3WH
,,metrics
,,,distance,3.94273788122
,,receptorAtoms
,,,atomIndex,794
,,,atomName,CA
,,,chain,A
,,,resID,151
,,,resName,ALA
,closeContacts.25
,,ligandAtoms
,,,atomIndex,5206
,,,atomName,N06
,,,chain,A
,,,resID,501
,,,resName,3WH
,,metrics
,,,distance,3.80749917925
,,receptorAtoms
,,,atomIndex,794
,,,atomName,CA
,,,chain,A
,,,resID,151
,,,resName,ALA
,closeContacts.26
,,ligandAtoms
,,,atomIndex,5207
,,,atomName,C07
,,,chain,A
,,,resID,501
,,,resName,3WH
,,metrics
,,,distance,3.98120145182
,,receptorAtoms
,,,atomIndex,193
,,,atomName,O
,,,chain,A
,,,resID,70
,,,resName,ILE
,closeContacts.27
,,ligandAtoms
,,,atomIndex,5207
,,,atomName,C07
,,,chain,A
,,,resID,501
,,,resName,3WH
,,metrics
,,,distance,3.79885456421
,,receptorAtoms
,,,atomIndex,788
,,,atomName,O
,,,chain,A
,,,resID,150
,,,resName,ASP
,closeContacts.28
,,ligandAtoms
,,,atomIndex,5208
,,,atomName,C08
,,,chain,A
,,,resID,501
,,,resName,3WH
,,metrics
,,,distance,3.52565979641
,,receptorAtoms
,,,atomIndex,780
,,,atomName,O
,,,chain,A
,,,resID,149
,,,resName,MET
,closeContacts.29
,,ligandAtoms
,,,atomIndex,5208
,,,atomName,C08
,,,chain,A
,,,resID,501
,,,resName,3WH
,,metrics
,,,distance,3.82314870231
,,receptorAtoms
,,,atomIndex,787
,,,atomName,C
,,,chain,A
,,,resID,150
,,,resName,ASP
,closeContacts.30
,,ligandAtoms
,,,atomIndex,5208
,,,atomName,C08
,,,chain,A
,,,resID,501
,,,resName,3WH
,,metrics
,,,distance,3.58761132231
,,receptorAtoms
,,,atomIndex,788
,,,atomName,O
,,,chain,A
,,,resID,150
,,,resName,ASP
,closeContacts.31
,,ligandAtoms
,,,atomIndex,5209
,,,atomName,C09
,,,chain,A
,,,resID,501
,,,resName,3WH
,,metrics
,,,distance,3.96014583065
,,receptorAtoms
,,,atomIndex,197
,,,atomName,CD1
,,,chain,A
,,,resID,70
,,,resName,ILE
,closeContacts.32
,,ligandAtoms
,,,atomIndex,5209
,,,atomName,C09
,,,chain,A
,,,resID,501
,,,resName,3WH
,,metrics
,,,distance,3.79807925141
,,receptorAtoms
,,,atomIndex,780
,,,atomName,O
,,,chain,A
,,,resID,149
,,,resName,MET
,closeContacts.33
,,ligandAtoms
,,,atomIndex,5210
,,,atomName,N12
,,,chain,A
,,,resID,501
,,,resName,3WH
,,metrics
,,,distance,3.8508331566
,,receptorAtoms
,,,atomIndex,197
,,,atomName,CD1
,,,chain,A
,,,resID,70
,,,resName,ILE
,closeContacts.34
,,ligandAtoms
,,,atomIndex,5210
,,,atomName,N12
,,,chain,A
,,,resID,501
,,,resName,3WH
,,metrics
,,,distance,3.74233683679
,,receptorAtoms
,,,atomIndex,779
,,,atomName,C
,,,chain,A
,,,resID,149
,,,resName,MET
,closeContacts.35
,,ligandAtoms
,,,atomIndex,5210
,,,atomName,N12
,,,chain,A
,,,resID,501
,,,resName,3WH
,,metrics
,,,distance,3.05733822139
,,receptorAtoms
,,,atomIndex,780
,,,atomName,O
,,,chain,A
,,,resID,149
,,,resName,MET
,closeContacts.36
,,ligandAtoms
,,,atomIndex,5211
,,,atomName,N14
,,,chain,A
,,,resID,501
,,,resName,3WH
,,metrics
,,,distance,3.89785517945
,,receptorAtoms
,,,atomIndex,197
,,,atomName,CD1
,,,chain,A
,,,resID,70
,,,resName,ILE
,closeContacts.37
,,ligandAtoms
,,,atomIndex,5213
,,,atomName,C16
,,,chain,A
,,,resID,501
,,,resName,3WH
,,metrics
,,,distance,3.77821081995
,,receptorAtoms
,,,atomIndex,335
,,,atomName,CB
,,,chain,A
,,,resID,91
,,,resName,ALA
,closeContacts.38
,,ligandAtoms
,,,atomIndex,5214
,,,atomName,I17
,,,chain,A
,,,resID,501
,,,resName,3WH
,,metrics
,,,distance,3.81544833539
,,receptorAtoms
,,,atomIndex,756
,,,atomName,CB
,,,chain,A
,,,resID,146
,,,resName,MET
,closeContacts.39
,,ligandAtoms
,,,atomIndex,5214
,,,atomName,I17
,,,chain,A
,,,resID,501
,,,resName,3WH
,,metrics
,,,distance,3.15214292189
,,receptorAtoms
,,,atomIndex,758
,,,atomName,SD
,,,chain,A
,,,resID,146
,,,resName,MET
,closeContacts.40
,,ligandAtoms
,,,atomIndex,5214
,,,atomName,I17
,,,chain,A
,,,resID,501
,,,resName,3WH
,,metrics
,,,distance,3.66406072548
,,receptorAtoms
,,,atomIndex,759
,,,atomName,CE
,,,chain,A
,,,resID,146
,,,resName,MET
,closeContacts.41
,,ligandAtoms
,,,atomIndex,5214
,,,atomName,I17
,,,chain,A
,,,resID,501
,,,resName,3WH
,,metrics
,,,distance,3.91807848313
,,receptorAtoms
,,,atomIndex,1230
,,,atomName,CD2
,,,chain,A
,,,resID,206
,,,resName,LEU
,closeContacts.42
,,ligandAtoms
,,,atomIndex,5215
,,,atomName,C18
,,,chain,A
,,,resID,501
,,,resName,3WH
,,metrics
,,,distance,3.38395641225
,,receptorAtoms
,,,atomIndex,335
,,,atomName,CB
,,,chain,A
,,,resID,91
,,,resName,ALA
,closeContacts.43
,,ligandAtoms
,,,atomIndex,5215
,,,atomName,C18
,,,chain,A
,,,resID,501
,,,resName,3WH
,,metrics
,,,distance,3.44563172727
,,receptorAtoms
,,,atomIndex,763
,,,atomName,O
,,,chain,A
,,,resID,147
,,,resName,GLU
,closeContacts.44
,,ligandAtoms
,,,atomIndex,5215
,,,atomName,C18
,,,chain,A
,,,resID,501
,,,resName,3WH
,,metrics
,,,distance,3.73458243985
,,receptorAtoms
,,,atomIndex,777
,,,atomName,N
,,,chain,A
,,,resID,149
,,,resName,MET
,closeContacts.45
,,ligandAtoms
,,,atomIndex,5216
,,,atomName,N19
,,,chain,A
,,,resID,501
,,,resName,3WH
,,metrics
,,,distance,3.97950964316
,,receptorAtoms
,,,atomIndex,335
,,,atomName,CB
,,,chain,A
,,,resID,91
,,,resName,ALA
,closeContacts.46
,,ligandAtoms
,,,atomIndex,5216
,,,atomName,N19
,,,chain,A
,,,resID,501
,,,resName,3WH
,,metrics
,,,distance,3.8256907873
,,receptorAtoms
,,,atomIndex,775
,,,atomName,CD1
,,,chain,A
,,,resID,148
,,,resName,LEU
,closeContacts.47
,,ligandAtoms
,,,atomIndex,5216
,,,atomName,N19
,,,chain,A
,,,resID,501
,,,resName,3WH
,,metrics
,,,distance,3.03859474099
,,receptorAtoms
,,,atomIndex,777
,,,atomName,N
,,,chain,A
,,,resID,149
,,,resName,MET
,closeContacts.48
,,ligandAtoms
,,,atomIndex,5216
,,,atomName,N19
,,,chain,A
,,,resID,501
,,,resName,3WH
,,metrics
,,,distance,3.80409213874
,,receptorAtoms
,,,atomIndex,778
,,,atomName,CA
,,,chain,A
,,,resID,149
,,,resName,MET
,closeContacts.49
,,ligandAtoms
,,,atomIndex,5216
,,,atomName,N19
,,,chain,A
,,,resID,501
,,,resName,3WH
,,metrics
,,,distance,3.75264839813
,,receptorAtoms
,,,atomIndex,780
,,,atomName,O
,,,chain,A
,,,resID,149
,,,resName,MET
,closeContacts.50
,,ligandAtoms
,,,atomIndex,5216
,,,atomName,N19
,,,chain,A
,,,resID,501
,,,resName,3WH
,,metrics
,,,distance,3.73725367081
,,receptorAtoms
,,,atomIndex,781
,,,atomName,CB
,,,chain,A
,,,resID,149
,,,resName,MET
,closeContacts.51
,,ligandAtoms
,,,atomIndex,5217
,,,atomName,C20
,,,chain,A
,,,resID,501
,,,resName,3WH
,,metrics
,,,distance,3.91124967242
,,receptorAtoms
,,,atomIndex,1229
,,,atomName,CD1
,,,chain,A
,,,resID,206
,,,resName,LEU
,closeContacts.52
,,ligandAtoms
,,,atomIndex,5218
,,,atomName,C21
,,,chain,A
,,,resID,501
,,,resName,3WH
,,metrics
,,,distance,3.49271599189
,,receptorAtoms
,,,atomIndex,1229
,,,atomName,CD1
,,,chain,A
,,,resID,206
,,,resName,LEU
,closeContacts.53
,,ligandAtoms
,,,atomIndex,5218
,,,atomName,C21
,,,chain,A
,,,resID,501
,,,resName,3WH
,,metrics
,,,distance,3.80978280221
,,receptorAtoms
,,,atomIndex,1230
,,,atomName,CD2
,,,chain,A
,,,resID,206
,,,resName,LEU
,closeContacts.54
,,ligandAtoms
,,,atomIndex,5219
,,,atomName,N22
,,,chain,A
,,,resID,501
,,,resName,3WH
,,metrics
,,,distance,3.72381350231
,,receptorAtoms
,,,atomIndex,240
,,,atomName,CG2
,,,chain,A
,,,resID,78
,,,resName,VAL
,closeContacts.55
,,ligandAtoms
,,,atomIndex,5219
,,,atomName,N22
,,,chain,A
,,,resID,501
,,,resName,3WH
,,metrics
,,,distance,3.6109335358
,,receptorAtoms
,,,atomIndex,1229
,,,atomName,CD1
,,,chain,A
,,,resID,206
,,,resName,LEU
,closeContacts.56
,,ligandAtoms
,,,atomIndex,5220
,,,atomName,C23
,,,chain,A
,,,resID,501
,,,resName,3WH
,,metrics
,,,distance,3.54038373626
,,receptorAtoms
,,,atomIndex,240
,,,atomName,CG2
,,,chain,A
,,,resID,78
,,,resName,VAL
,closeContacts.57
,,ligandAtoms
,,,atomIndex,5221
,,,atomName,C24
,,,chain,A
,,,resID,501
,,,resName,3WH
,,metrics
,,,distance,3.82004253903
,,receptorAtoms
,,,atomIndex,240
,,,atomName,CG2
,,,chain,A
,,,resID,78
,,,resName,VAL
,closeContacts.58
,,ligandAtoms
,,,atomIndex,5223
,,,atomName,C26
,,,chain,A
,,,resID,501
,,,resName,3WH
,,metrics
,,,distance,3.99145224198
,,receptorAtoms
,,,atomIndex,199
,,,atomName,CA
,,,chain,A
,,,resID,71
,,,resName,GLY
,closeContacts.59
,,ligandAtoms
,,,atomIndex,5224
,,,atomName,C27
,,,chain,A
,,,resID,501
,,,resName,3WH
,,metrics
,,,distance,3.76340922569
,,receptorAtoms
,,,atomIndex,202
,,,atomName,N
,,,chain,A
,,,resID,72
,,,resName,SER
,closeContacts.60
,,ligandAtoms
,,,atomIndex,5224
,,,atomName,C27
,,,chain,A
,,,resID,501
,,,resName,3WH
,,metrics
,,,distance,3.81228382994
,,receptorAtoms
,,,atomIndex,204
,,,atomName,C
,,,chain,A
,,,resID,72
,,,resName,SER
,closeContacts.61
,,ligandAtoms
,,,atomIndex,5224
,,,atomName,C27
,,,chain,A
,,,resID,501
,,,resName,3WH
,,metrics
,,,distance,3.7378936582
,,receptorAtoms
,,,atomIndex,205
,,,atomName,O
,,,chain,A
,,,resID,72
,,,resName,SER
,closeContacts.62
,,ligandAtoms
,,,atomIndex,5225
,,,atomName,C28
,,,chain,A
,,,resID,501
,,,resName,3WH
,,metrics
,,,distance,3.83782659848
,,receptorAtoms
,,,atomIndex,240
,,,atomName,CG2
,,,chain,A
,,,resID,78
,,,resName,VAL
closestContacts,none
electrostaticEnergies
,C_C,0.0
,C_I,0.0
,C_N,0.0
,C_O,0.0
,I_S,0.0
,N_N,0.0
,N_O,0.0
,O_O,0.0
halogenBonds
,ligandAtoms
,,ligandAtoms.1
,,,atomIndex,5213
,,,atomName,C16
,,,chain,A
,,,resID,501
,,,resName,3WH
,,ligandAtoms.2
,,,atomIndex,5214
,,,atomName,I17
,,,chain,A
,,,resID,501
,,,resName,3WH
,metrics
,,angle,9.7397307749
,,distance,5.22133651472
,receptorAtoms
,,atomIndex,758
,,atomName,SD
,,chain,A
,,resID,146
,,resName,MET
hydrogenBonds
,hydrogenBonds.1
,,ligandAtoms
,,,atomIndex,5203
,,,atomName,N03
,,,chain,A
,,,resID,501
,,,resName,3WH
,,metrics
,,,angle,,,distance,3.1116087479
,,receptorAtoms
,,,receptorAtoms.1
,,,,atomIndex,798
,,,,atomName,N
,,,,chain,A
,,,,resID,152
,,,,resName,ASN
,,,receptorAtoms.2
,,,,atomIndex,798
,,,,atomName,N
,,,,chain,A
,,,,resID,152
,,,,resName,ASN
,hydrogenBonds.2
,,ligandAtoms
,,,ligandAtoms.1
,,,,atomIndex,5210
,,,,atomName,N12
,,,,chain,A
,,,,resID,501
,,,,resName,3WH
,,,ligandAtoms.2
,,,,atomIndex,5210
,,,,atomName,N12
,,,,chain,A
,,,,resID,501
,,,,resName,3WH
,,metrics
,,,angle,,,distance,3.05733822139
,,receptorAtoms
,,,atomIndex,780
,,,atomName,O
,,,chain,A
,,,resID,149
,,,resName,MET
,hydrogenBonds.3
,,ligandAtoms
,,,atomIndex,5216
,,,atomName,N19
,,,chain,A
,,,resID,501
,,,resName,3WH
,,metrics
,,,angle,,,distance,3.03859474099
,,receptorAtoms
,,,receptorAtoms.1
,,,,atomIndex,777
,,,,atomName,N
,,,,chain,A
,,,,resID,149
,,,,resName,MET
,,,receptorAtoms.2
,,,,atomIndex,777
,,,,atomName,N
,,,,chain,A
,,,,resID,149
,,,,resName,MET
hydrophobicContacts
,hydrophobicContacts.1
,,ligandAtoms
,,,atomIndex,5199
,,,atomName,C10
,,,chain,A
,,,resID,501
,,,resName,3WH
,,metrics
,,,distance,3.96794821035
,,receptorAtoms
,,,atomIndex,795
,,,atomName,C
,,,chain,A
,,,resID,151
,,,resName,ALA
,hydrophobicContacts.2
,,ligandAtoms
,,,atomIndex,5200
,,,atomName,C13
,,,chain,A
,,,resID,501
,,,resName,3WH
,,metrics
,,,distance,3.78039482065
,,receptorAtoms
,,,atomIndex,197
,,,atomName,CD1
,,,chain,A
,,,resID,70
,,,resName,ILE
,hydrophobicContacts.3
,,ligandAtoms
,,,atomIndex,5201
,,,atomName,C01
,,,chain,A
,,,resID,501
,,,resName,3WH
,,metrics
,,,distance,3.41394683614
,,receptorAtoms
,,,atomIndex,803
,,,atomName,CG
,,,chain,A
,,,resID,152
,,,resName,ASN
,hydrophobicContacts.4
,,ligandAtoms
,,,atomIndex,5201
,,,atomName,C01
,,,chain,A
,,,resID,501
,,,resName,3WH
,,metrics
,,,distance,3.64694474869
,,receptorAtoms
,,,atomIndex,824
,,,atomName,CB
,,,chain,A
,,,resID,155
,,,resName,GLN
,hydrophobicContacts.5
,,ligandAtoms
,,,atomIndex,5202
,,,atomName,C02
,,,chain,A
,,,resID,501
,,,resName,3WH
,,metrics
,,,distance,3.84350738259
,,receptorAtoms
,,,atomIndex,803
,,,atomName,CG
,,,chain,A
,,,resID,152
,,,resName,ASN
,hydrophobicContacts.6
,,ligandAtoms
,,,atomIndex,5202
,,,atomName,C02
,,,chain,A
,,,resID,501
,,,resName,3WH
,,metrics
,,,distance,3.34638879989
,,receptorAtoms
,,,atomIndex,824
,,,atomName,CB
,,,chain,A
,,,resID,155
,,,resName,GLN
,hydrophobicContacts.7
,,ligandAtoms
,,,atomIndex,5204
,,,atomName,C04
,,,chain,A
,,,resID,501
,,,resName,3WH
,,metrics
,,,distance,3.60117341987
,,receptorAtoms
,,,atomIndex,794
,,,atomName,CA
,,,chain,A
,,,resID,151
,,,resName,ALA
,hydrophobicContacts.8
,,ligandAtoms
,,,atomIndex,5208
,,,atomName,C08
,,,chain,A
,,,resID,501
,,,resName,3WH
,,metrics
,,,distance,3.82314870231
,,receptorAtoms
,,,atomIndex,787
,,,atomName,C
,,,chain,A
,,,resID,150
,,,resName,ASP
,hydrophobicContacts.9
,,ligandAtoms
,,,atomIndex,5209
,,,atomName,C09
,,,chain,A
,,,resID,501
,,,resName,3WH
,,metrics
,,,distance,3.96014583065
,,receptorAtoms
,,,atomIndex,197
,,,atomName,CD1
,,,chain,A
,,,resID,70
,,,resName,ILE
,hydrophobicContacts.10
,,ligandAtoms
,,,atomIndex,5213
,,,atomName,C16
,,,chain,A
,,,resID,501
,,,resName,3WH
,,metrics
,,,distance,3.77821081995
,,receptorAtoms
,,,atomIndex,335
,,,atomName,CB
,,,chain,A
,,,resID,91
,,,resName,ALA
,hydrophobicContacts.11
,,ligandAtoms
,,,atomIndex,5215
,,,atomName,C18
,,,chain,A
,,,resID,501
,,,resName,3WH
,,metrics
,,,distance,3.38395641225
,,receptorAtoms
,,,atomIndex,335
,,,atomName,CB
,,,chain,A
,,,resID,91
,,,resName,ALA
,hydrophobicContacts.12
,,ligandAtoms
,,,atomIndex,5217
,,,atomName,C20
,,,chain,A
,,,resID,501
,,,resName,3WH
,,metrics
,,,distance,3.91124967242
,,receptorAtoms
,,,atomIndex,1229
,,,atomName,CD1
,,,chain,A
,,,resID,206
,,,resName,LEU
,hydrophobicContacts.13
,,ligandAtoms
,,,atomIndex,5218
,,,atomName,C21
,,,chain,A
,,,resID,501
,,,resName,3WH
,,metrics
,,,distance,3.49271599189
,,receptorAtoms
,,,atomIndex,1229
,,,atomName,CD1
,,,chain,A
,,,resID,206
,,,resName,LEU
,hydrophobicContacts.14
,,ligandAtoms
,,,atomIndex,5218
,,,atomName,C21
,,,chain,A
,,,resID,501
,,,resName,3WH
,,metrics
,,,distance,3.80978280221
,,receptorAtoms
,,,atomIndex,1230
,,,atomName,CD2
,,,chain,A
,,,resID,206
,,,resName,LEU
,hydrophobicContacts.15
,,ligandAtoms
,,,atomIndex,5220
,,,atomName,C23
,,,chain,A
,,,resID,501
,,,resName,3WH
,,metrics
,,,distance,3.54038373626
,,receptorAtoms
,,,atomIndex,240
,,,atomName,CG2
,,,chain,A
,,,resID,78
,,,resName,VAL
,hydrophobicContacts.16
,,ligandAtoms
,,,atomIndex,5221
,,,atomName,C24
,,,chain,A
,,,resID,501
,,,resName,3WH
,,metrics
,,,distance,3.82004253903
,,receptorAtoms
,,,atomIndex,240
,,,atomName,CG2
,,,chain,A
,,,resID,78
,,,resName,VAL
,hydrophobicContacts.17
,,ligandAtoms
,,,atomIndex,5223
,,,atomName,C26
,,,chain,A
,,,resID,501
,,,resName,3WH
,,metrics
,,,distance,3.99145224198
,,receptorAtoms
,,,atomIndex,199
,,,atomName,CA
,,,chain,A
,,,resID,71
,,,resName,GLY
,hydrophobicContacts.18
,,ligandAtoms
,,,atomIndex,5224
,,,atomName,C27
,,,chain,A
,,,resID,501
,,,resName,3WH
,,metrics
,,,distance,3.81228382994
,,receptorAtoms
,,,atomIndex,204
,,,atomName,C
,,,chain,A
,,,resID,72
,,,resName,SER
,hydrophobicContacts.19
,,ligandAtoms
,,,atomIndex,5225
,,,atomName,C28
,,,chain,A
,,,resID,501
,,,resName,3WH
,,metrics
,,,distance,3.83782659848
,,receptorAtoms
,,,atomIndex,240
,,,atomName,CG2
,,,chain,A
,,,resID,78
,,,resName,VAL
ligandAtomTypes
,C,20
,I,1
,N,6
,O,1
ligandRotatableBonds,-1
metalCoordinations,none
piPiStackingInteractions,none
saltBridges,none
tStackingInteractions,none
